../Drivers/CMSIS/Include/core_cm4.h:1684:22:__NVIC_EnableIRQ	16	static,ignoring_inline_asm
../Core/Src/main.c:48:6:I2C1_Init	4	static
../Core/Src/main.c:73:6:I2C_Start	4	static
../Core/Src/main.c:79:6:I2C_Stop	4	static
../Core/Src/main.c:84:6:I2C_Address	16	static
../Core/Src/main.c:91:6:I2C_Write	16	static
../Core/Src/main.c:98:6:LCD_Write	32	static
../Core/Src/main.c:108:6:lcd_send_cmd	24	static
../Core/Src/main.c:121:6:lcd_send_data	24	static
../Core/Src/main.c:134:6:lcd_clear	8	static
../Core/Src/main.c:139:6:lcd_put_cur	24	static
../Core/Src/main.c:147:6:lcd_init	8	static
../Core/Src/main.c:156:6:lcd_send_string	16	static
../Core/Src/main.c:161:7:measure_distance	24	static
../Core/Src/main.c:196:6:UART_Init	4	static
../Core/Src/main.c:212:6:UART_SendChar	16	static
../Core/Src/main.c:217:6:UART_SendString	16	static
../Core/Src/main.c:224:6:GPIO_Trig_Echo_Init	4	static
../Core/Src/main.c:239:6:delay_us	16	static
../Core/Src/main.c:253:6:delay_ms	16	static
../Core/Src/main.c:261:6:SysTick_Init	24	static
../Core/Src/main.c:282:6:SysTick_Handler	4	static
../Core/Src/main.c:287:10:getTick	4	static
../Core/Src/main.c:293:6:GPIO_Init	4	static
../Core/Src/main.c:326:6:EXTI_Init	8	static
../Core/Src/main.c:344:6:EXTI15_10_IRQHandler	16	static
../Core/Src/main.c:365:6:toggleLED	24	static
../Core/Src/main.c:382:6:TIM2_PWM_Init	4	static
../Core/Src/main.c:414:6:TIM4_PWM_Init	4	static
../Core/Src/main.c:446:6:Motor_Init	4	static
../Core/Src/main.c:463:6:Motor_Forward	16	static
../Core/Src/main.c:480:6:Motor_Backward	16	static
../Core/Src/main.c:497:6:Motor_Stop	4	static
../Core/Src/main.c:510:6:Motor_TurnRight	16	static
../Core/Src/main.c:526:6:Motor_TurnLeft	16	static
../Core/Src/main.c:541:5:main	80	static
